
> ngit-institute@0.1.0 build
> next build

   Γû▓ Next.js 15.1.0
   - Environments: .env.local

   Creating an optimized production build ...
 Γ£ô Compiled successfully
   Linting and checking validity of types ...
node.exe : Failed to compile.
At line:1 char:1
+ & "E:\javascript\node.js/nod
e.exe" "C:\Users\ASUS\AppData\
Roaming\npm ...
+ ~~~~~~~~~~~~~~~~~~~~~~~~~~~~
~~~~~~~~~~~~~~~~~~~~~~~~~~~~~~
~~~~~~~~~~~
    + CategoryInfo          : 
    NotSpecified: (Failed to  
   compile.:String) [], Rem   
 oteException
    + FullyQualifiedErrorId : 
    NativeCommandError
 

./seed.ts:31:17
Type error: Property 
'QuestionType' does not exist 
on type 'typeof import("E:/Ngi
t/src/models/Quiz")'.

[0m [90m 29 |[39m         
[36mconst[39m { 
[33mAttendanceStatus[39m } 
[33m=[39m [36mawait[39m [
36mimport[39m([32m"./src/typ
es/attendance"[39m)[33m;[39
m[0m
[0m [90m 30 |[39m         
[36mconst[39m 
[33mQuiz[39m [33m=[39m 
([36mawait[39m [36mimport[
39m([32m"./src/models/Quiz"[
39m))[33m.[39m[36mdefault[
39m[33m;[39m[0m
[0m[31m[1m>[22m[39m[90m 
31 |[39m         
[36mconst[39m { 
[33mQuestionType[39m } 
[33m=[39m [36mawait[39m [
36mimport[39m([32m"./src/mod
els/Quiz"[39m)[33m;[39m[0m
[0m [90m    |[39m          
       
[31m[1m^[22m[39m[0m
[0m [90m 32 |[39m         
[36mconst[39m 
[33mPayment[39m [33m=[39m 
([36mawait[39m [36mimport[
39m([32m"./src/models/Payment
"[39m))[33m.[39m[36mdefaul
t[39m[33m;[39m[0m
[0m [90m 33 |[39m         
[36mconst[39m { 
[33mPaymentStatus[39m } 
[33m=[39m [36mawait[39m [
36mimport[39m([32m"./src/mod
els/Payment"[39m)[33m;[39m
[0m
[0m [90m 34 |[39m         
[36mconst[39m 
[33mAttempt[39m [33m=[39m 
([36mawait[39m [36mimport[
39m([32m"./src/models/Attempt
"[39m))[33m.[39m[36mdefaul
t[39m[33m;[39m[0m
