
E:\Ngit\src\components\student\StudentQRModal.tsx
  51:33  error  Use "@ts-expect-error" instead of "@ts-ignore", as "@ts-ignore" will do nothing if the following line is error-free  @typescript-eslint/ban-ts-comment

E:\Ngit\src\components\ui\input.tsx
  4:18  error  An interface declaring no members is equivalent to its supertype  @typescript-eslint/no-empty-object-type

E:\Ngit\src\components\ui\textarea.tsx
  4:18  error  An interface declaring no members is equivalent to its supertype  @typescript-eslint/no-empty-object-type

E:\Ngit\src\lib\db.ts
  16:5  error  Unexpected var, use let or const instead  no-var

E:\Ngit\tailwind.config.ts
  75:15  error  A `require()` style import is forbidden  @typescript-eslint/no-require-imports

E:\Ngit\test-modules.js
  1:14  error  A `require()` style import is forbidden  @typescript-eslint/no-require-imports
  2:13  error  A `require()` style import is forbidden  @typescript-eslint/no-require-imports

Γ£û 7 problems (7 errors, 0 warnings)

