src/app/(admin)/admin/attendance/page.tsx(186,9): error TS1472: 'catch' or 'finally' expected.
